// Jest Snapshot v1, https://goo.gl/fbAQLP

exports[`renders QuoteBox component as expected 1`] = `
<div
  className="MuiPaper-root MuiCard-root MuiPaper-elevation8 MuiPaper-rounded"
>
  <div
    className="MuiCardContent-root"
  >
    
  </div>
  <div
    className="MuiCardActions-root MuiCardActions-spacing"
  >
    
    <button
      className="MuiButtonBase-root MuiButton-root MuiButton-contained MuiButton-containedSecondary"
      disabled={false}
      onBlur={[Function]}
      onClick={[Function]}
      onDragLeave={[Function]}
      onFocus={[Function]}
      onKeyDown={[Function]}
      onKeyUp={[Function]}
      onMouseDown={[Function]}
      onMouseLeave={[Function]}
      onMouseUp={[Function]}
      onTouchEnd={[Function]}
      onTouchMove={[Function]}
      onTouchStart={[Function]}
      style={
        Object {
          "marginLeft": "auto",
        }
      }
      tabIndex={0}
      type="button"
    >
      <span
        className="MuiButton-label"
      >
        GET
      </span>
    </button>
  </div>
</div>
`;
